../Drivers/CMSIS/Include/core_cm4.h:2064:26:ITM_SendChar	16	static,ignoring_inline_asm
../Core/Src/main.c:93:5:__io_putchar	16	static
../Core/Src/main.c:103:5:main	72	static,ignoring_inline_asm
../Core/Src/main.c:260:6:SystemClock_Config	88	static
../Core/Src/main.c:302:13:MX_SPI1_Init	8	static
../Core/Src/main.c:340:13:MX_GPIO_Init	40	static
../Core/Src/main.c:377:6:WriteEnable	8	static
../Core/Src/main.c:384:5:Check_Ready_to_Write	8	static
../Core/Src/main.c:394:6:Sector_Erase	24	static
../Core/Src/main.c:407:5:Check_BUSY_bit	8	static
../Core/Src/main.c:417:6:Write_Page	16	static
../Core/Src/main.c:430:6:Read_Data	16	static
../Core/Src/main.c:443:6:Write_Firmware	40	static
../Core/Src/main.c:520:6:Error_Handler	4	static,ignoring_inline_asm
